admin.button=1
admin.field=1
admin.esc=0
admin.toast=0
admin.empty=0
admin.skeleton=0
admin.pill=0
room.button=0
room.field=1
room.esc=0
room.toast=0
room.empty=0
room.skeleton=0
room.pill=0
courier.button=1
courier.field=0
courier.esc=0
courier.toast=0
courier.empty=0
courier.skeleton=0
courier.pill=0
store.button=19
store.field=6
store.esc=0
store.toast=0
store.empty=1
store.skeleton=0
store.pill=2
kit.button=149
kit.field=20
kit.esc=1
kit.toast=0
kit.empty=0
kit.skeleton=0
kit.pill=0
platform.button=7
platform.field=2
platform.esc=1
platform.toast=0
platform.empty=0
platform.skeleton=0
platform.pill=3
lib.button=6
lib.field=0
lib.esc=0
lib.toast=0
lib.empty=0
lib.skeleton=0
lib.pill=0
